// Jest Snapshot v1, https://goo.gl/fbAQLP

exports[`App component should render as expected 1`] = `
<div
  className="container"
>
  <div
    className="center"
  >
    <Titles />
  </div>
  <Form
    getPeople={[Function]}
    load={false}
  />
  <People
    load={false}
    people={Array []}
  />
</div>
`;
