// Jest Snapshot v1, https://goo.gl/fbAQLP

exports[`Titles component should render as expected 1`] = `
<div>
  <h1>
    Welcome to Versium People Search
  </h1>
</div>
`;
